---
"./spec/vump/cli/cli_spec.rb[1:1:1]":
- - arg1
  - arg2
- :v: true
  :long: value
"./spec/vump/cli/cli_spec.rb[1:1:2]":
- - ''
- {}
"./spec/vump/cli/cli_spec.rb[1:1:3]":
- - a
  - a
- :v: true
  :foo: baz
"./spec/vump/cli/cli_spec.rb[1:3:1]":
- :minor
- :date: 2012-10-05 00:00:00.000000000 Z
  :dry: true
  :silent: true
  :verbose: true
  :version: true
  :tag_prefix: xxx
  :path: "/foo/bar"
  :build: alpha
  :pre: alpha
  :foo: bar
  :help: true
